[ERROR] directed by danny devito
[ERROR] directed by danny devito
[ERROR] directed by danny devito
[WARN] v6: fe80::1 > fe80::2 version: 6 traffic_class: 0 flow_label: 0 len: 20 next_header: Tcp hop_limit: 64
[WARN] v6: fe80::3 > fe80::2 version: 6 traffic_class: 0 flow_label: 0 len: 20 next_header: Tcp hop_limit: 64
[WARN] v6: fe80::4 > fe80::2 version: 6 traffic_class: 0 flow_label: 0 len: 20 next_header: Tcp hop_limit: 64
[WARN] v6: fe80::5 > fe80::2 version: 6 traffic_class: 0 flow_label: 0 len: 20 next_header: Tcp hop_limit: 64
[WARN] v6: fe80::6 > fe80::2 version: 6 traffic_class: 0 flow_label: 0 len: 20 next_header: Tcp hop_limit: 64
[WARN] v6: fe80::7 > fe80::2 version: 6 traffic_class: 0 flow_label: 0 len: 20 next_header: Tcp hop_limit: 64
[WARN] v6: fe80::8 > fe80::2 version: 6 traffic_class: 0 flow_label: 0 len: 20 next_header: Tcp hop_limit: 64
